=== DELETE BOOKMARKS DEBUG ===
Time: 2025-11-19 02:57:52
Raw bookmark_ids: 0196fab2-a236-72bc-9c74-3e8a326d2364
Decoded bookmark IDs: 
ERROR: No bookmarks selected for deletion
=== DELETE APPLICATIONS DEBUG ===
Time: 2025-11-19 02:59:51
Raw application_ids: ["0196d8be-37d3-73d6-a695-43dfa8f8aac3"]
Decoded application IDs: Array
(
    [0] => 0196d8be-37d3-73d6-a695-43dfa8f8aac3
)

Applications found with provider filter: 0
ERROR: No applications found with provider filter
=== DELETE BOOKMARKS DEBUG ===
Time: 2025-11-19 03:27:41
Raw bookmark_ids: 0196fab2-a236-72bc-9c74-3e8a326d2364
Decoded bookmark IDs: 
ERROR: No bookmarks selected for deletion
=== DELETE APPLICATIONS DEBUG ===
Time: 2025-11-19 04:21:31
Raw application_ids: ["0196d8be-37d3-73d6-a695-43dfa8f8aac3"]
Decoded application IDs: Array
(
    [0] => 0196d8be-37d3-73d6-a695-43dfa8f8aac3
)

Applications found with provider filter: 0
ERROR: No applications found with provider filter
=== DELETE APPLICATIONS DEBUG ===
Time: 2025-11-19 04:43:45
Raw application_ids: ["0196d8be-386a-77e3-bd5f-cdc8abb01d26"]
Decoded application IDs: Array
(
    [0] => 0196d8be-386a-77e3-bd5f-cdc8abb01d26
)

Applications found with provider filter: 0
ERROR: No applications found with provider filter
=== DELETE APPLICATIONS DEBUG ===
Time: 2025-11-19 05:08:22
Raw application_ids: ["0196d8be-37d3-73d6-a695-43dfa8f8aac3"]
Decoded application IDs: Array
(
    [0] => 0196d8be-37d3-73d6-a695-43dfa8f8aac3
)

Applications found with provider filter: 0
ERROR: No applications found with provider filter
=== DELETE APPLICATIONS DEBUG ===
Time: 2025-11-19 06:14:14
Raw application_ids: ["0196d8be-37d3-73d6-a695-43dfa8f8aac3"]
Decoded application IDs: Array
(
    [0] => 0196d8be-37d3-73d6-a695-43dfa8f8aac3
)

Applications found with provider filter: 0
ERROR: No applications found with provider filter
=== DELETE APPLICATIONS DEBUG ===
Time: 2025-11-19 17:12:19
Raw application_ids: ["019707f2-a7dd-7cf2-abc1-6b7c05b926a3"]
Decoded application IDs: Array
(
    [0] => 019707f2-a7dd-7cf2-abc1-6b7c05b926a3
)

Applications found with provider filter: 0
ERROR: No applications found with provider filter
=== DELETE APPLICATIONS DEBUG ===
Time: 2025-11-20 14:52:28
Raw application_ids: ["019a90a8-4b6f-7dba-8c96-7fd68feaeba3"]
Decoded application IDs: Array
(
    [0] => 019a90a8-4b6f-7dba-8c96-7fd68feaeba3
)

Applications found with provider filter: 1
Processing application ID: 019a90a8-4b6f-7dba-8c96-7fd68feaeba3
 - Deleted 2 record(s) from b_document_request
 - Deleting application
SUCCESS: Deleted 1 applications
=== DELETE APPLICATIONS DEBUG ===
Time: 2025-11-23 08:43:23
Raw application_ids: ["0196c736-99a8-7ced-8bbf-cbca8839f653"]
Decoded application IDs: Array
(
    [0] => 0196c736-99a8-7ced-8bbf-cbca8839f653
)

Applications found with provider filter: 1
Processing application ID: 0196c736-99a8-7ced-8bbf-cbca8839f653
 - Deleting application
SUCCESS: Deleted 1 applications
=== DELETE APPLICATIONS DEBUG ===
Time: 2025-11-25 11:16:29
Raw application_ids: ["019613e2-06e2-7922-802e-1a0da5fcf2b2"]
Decoded application IDs: Array
(
    [0] => 019613e2-06e2-7922-802e-1a0da5fcf2b2
)

Applications found with provider filter: 1
Processing application ID: 019613e2-06e2-7922-802e-1a0da5fcf2b2
 - Deleting application
SUCCESS: Deleted 1 applications
=== DELETE APPLICATIONS DEBUG ===
Time: 2025-11-26 15:03:43
Raw application_ids: ["019ab9b8-41c7-7cce-9056-2bd56d437e26"]
Decoded application IDs: Array
(
    [0] => 019ab9b8-41c7-7cce-9056-2bd56d437e26
)

Applications found with provider filter: 1
Processing application ID: 019ab9b8-41c7-7cce-9056-2bd56d437e26
 - Deleting application
SUCCESS: Deleted 1 applications
=== DELETE APPLICATIONS DEBUG ===
Time: 2025-11-27 17:18:29
Raw application_ids: ["019ac46f-210a-7433-b5a8-2e8b9d580958"]
Decoded application IDs: Array
(
    [0] => 019ac46f-210a-7433-b5a8-2e8b9d580958
)

Applications found with provider filter: 1
Processing application ID: 019ac46f-210a-7433-b5a8-2e8b9d580958
 - Deleting application
SUCCESS: Deleted 1 applications
